ERC report (2025-12-08T00:24:04+0800, Encoding UTF8)

***** Sheet /
[label_dangling]: Label not connected to anything
    ; error
    @(14.54 mm, 58.00 mm): Label 'VBUS'
[label_dangling]: Label not connected to anything
    ; error
    @(85.38 mm, 12.00 mm): Label 'U3_L'
[pin_not_connected]: Pin not connected
    ; error
    @(33.00 mm, 80.00 mm): Symbol #PWR4 Pin 1 [Power output, Line]
[pin_not_connected]: Pin not connected
    ; error
    @(27.92 mm, 83.46 mm): Symbol BT1 Pin 1 [Pin_1, Passive, Line]
[pin_not_connected]: Pin not connected
    ; error
    @(27.92 mm, 86.00 mm): Symbol BT1 Pin 2 [Pin_2, Passive, Line]
[pin_not_connected]: Pin not connected
    ; error
    @(27.92 mm, 88.54 mm): Symbol BT1 Pin 3 [Pin_3, Passive, Line]
[pin_not_connected]: Pin not connected
    ; error
    @(27.92 mm, 91.08 mm): Symbol BT1 Pin 4 [Pin_4, Passive, Line]
[label_dangling]: Label not connected to anything
    ; error
    @(14.54 mm, 96.00 mm): Label 'BAT'
[pin_not_connected]: Pin not connected
    ; error
    @(45.00 mm, 88.00 mm): Symbol #PWR2 Pin 1 [Power output, Line]
[pin_not_connected]: Pin not connected
    ; error
    @(79.00 mm, 92.19 mm): Symbol L1 Pin 1 [1, Passive, Line]
[pin_not_connected]: Pin not connected
    ; error
    @(82.84 mm, 93.46 mm): Symbol U3 Pin 5 [L, Power input, Line]
[label_dangling]: Label not connected to anything
    ; error
    @(14.54 mm, 125.84 mm): Label 'HX_INB-'
[pin_not_connected]: Pin not connected
    ; error
    @(82.84 mm, 96.00 mm): Symbol U3 Pin 1 [VIN, Power input, Line]
[pin_not_connected]: Pin not connected
    ; error
    @(79.00 mm, 99.81 mm): Symbol L1 Pin 2 [2, Passive, Line]
[pin_not_driven]: Input pin not driven by any Output pins
    ; error
    @(82.84 mm, 98.54 mm): Symbol U3 Pin 6 [EN, Input, Line]
[pin_not_connected]: Pin not connected
    ; error
    @(37.92 mm, 123.46 mm): Symbol J1 Pin 1 [Pin_1, Passive, Line]
[label_dangling]: Label not connected to anything
    ; error
    @(14.54 mm, 128.38 mm): Label 'HX_INB+'
[pin_not_connected]: Pin not connected
    ; error
    @(37.92 mm, 126.00 mm): Symbol J1 Pin 2 [Pin_2, Passive, Line]
[label_dangling]: Label not connected to anything
    ; error
    @(14.54 mm, 131.08 mm): Label 'EINK_DC'
[pin_not_connected]: Pin not connected
    ; error
    @(37.92 mm, 128.54 mm): Symbol J1 Pin 3 [Pin_3, Passive, Line]
[pin_not_connected]: Pin not connected
    ; error
    @(70.46 mm, 115.68 mm): Symbol U2 Pin 1 [VSUP, Power input, Line]
[pin_not_connected]: Pin not connected
    ; error
    @(37.92 mm, 131.08 mm): Symbol J1 Pin 4 [Pin_4, Passive, Line]
[pin_not_connected]: Pin not connected
    ; error
    @(60.30 mm, 123.30 mm): Symbol U2 Pin 2 [BASE, Passive, Line]
[pin_not_connected]: Pin not connected
    ; error
    @(75.54 mm, 115.68 mm): Symbol U2 Pin 16 [DVDD, Power input, Line]
[pin_not_connected]: Pin not connected
    ; error
    @(103.16 mm, 93.46 mm): Symbol U3 Pin 4 [VOUT, Power output, Line]
[pin_not_connected]: Pin not connected
    ; error
    @(93.00 mm, 103.62 mm): Symbol U3 Pin 3 [GND, Power input, Line]
[pin_not_connected]: Pin not connected
    ; error
    @(60.30 mm, 125.84 mm): Symbol U2 Pin 3 [AVDD, Power input, Line]
[label_dangling]: Label not connected to anything
    ; error
    @(14.54 mm, 141.08 mm): Label 'HX711_SCK'
[pin_not_connected]: Pin not connected
    ; error
    @(60.30 mm, 128.38 mm): Symbol U2 Pin 4 [VFB, Input, Line]
[label_dangling]: Label not connected to anything
    ; error
    @(14.54 mm, 141.24 mm): Label 'UART2_TX'
[pin_not_connected]: Pin not connected
    ; error
    @(103.16 mm, 98.54 mm): Symbol U3 Pin 2 [FB, Input, Line]
[label_dangling]: Label not connected to anything
    ; error
    @(14.54 mm, 143.62 mm): Label 'HX711_DT'
[label_dangling]: Label not connected to anything
    ; error
    @(14.54 mm, 143.78 mm): Label 'UART2_RX'
[label_dangling]: Label not connected to anything
    ; error
    @(14.54 mm, 147.08 mm): Label 'BUZZ_SINK'
[pin_not_connected]: Pin not connected
    ; error
    @(60.30 mm, 136.00 mm): Symbol U2 Pin 8 [INA+, Input, Line]
[pin_not_connected]: Pin not connected
    ; error
    @(110.46 mm, 102.00 mm): Symbol D2 Pin 1 [K, Passive, Line]
[pin_not_connected]: Pin not connected
    ; error
    @(60.30 mm, 138.54 mm): Symbol U2 Pin 7 [INA-, Input, Line]
[pin_not_connected]: Pin not connected
    ; error
    @(115.54 mm, 102.00 mm): Symbol D2 Pin 2 [A, Passive, Line]
[pin_not_connected]: Pin not connected
    ; error
    @(85.70 mm, 128.38 mm): Symbol U2 Pin 12 [DOUT, Output, Line]
[pin_not_connected]: Pin not connected
    ; error
    @(60.30 mm, 143.62 mm): Symbol U2 Pin 10 [INB+, Input, Line]
[label_dangling]: Label not connected to anything
    ; error
    @(155.54 mm, 12.00 mm): Label 'GND'
[pin_not_connected]: Pin not connected
    ; error
    @(85.70 mm, 130.92 mm): Symbol U2 Pin 11 [PD_SCK, Input, Line]
[pin_not_connected]: Pin not connected
    ; error
    @(60.30 mm, 146.16 mm): Symbol U2 Pin 9 [INB-, Input, Line]
[pin_not_connected]: Pin not connected
    ; error
    @(85.70 mm, 136.00 mm): Symbol U2 Pin 13 [XO, Passive, Line]
[pin_not_connected]: Pin not connected
    ; error
    @(60.30 mm, 151.24 mm): Symbol U2 Pin 6 [VBG, Passive, Line]
[pin_not_connected]: Pin not connected
    ; error
    @(85.70 mm, 138.54 mm): Symbol U2 Pin 14 [XI, Passive, Line]
[pin_not_connected]: Pin not connected
    ; error
    @(91.00 mm, 140.19 mm): Symbol C2 Pin 1 [Passive, Line]
[pin_not_connected]: Pin not connected
    ; error
    @(85.70 mm, 146.16 mm): Symbol U2 Pin 15 [RATE, Input, Line]
[pin_not_connected]: Pin not connected
    ; error
    @(87.00 mm, 146.19 mm): Symbol C1 Pin 1 [Passive, Line]
[pin_not_connected]: Pin not connected
    ; error
    @(73.00 mm, 156.32 mm): Symbol U2 Pin 5 [AGND, Power input, Line]
[pin_not_connected]: Pin not connected
    ; error
    @(135.22 mm, 108.22 mm): Symbol U1 Pin 1 [PA3/UART2_RX, Bidirectional, Line]
[pin_not_connected]: Pin not connected
    ; error
    @(91.00 mm, 147.81 mm): Symbol C2 Pin 2 [Passive, Line]
[pin_not_connected]: Pin not connected
    ; error
    @(135.22 mm, 110.76 mm): Symbol U1 Pin 2 [PA2/UART2_TX, Bidirectional, Line]
[pin_not_connected]: Pin not connected
    ; error
    @(145.00 mm, 98.00 mm): Symbol #PWR1 Pin 1 [Power output, Line]
[pin_not_connected]: Pin not connected
    ; error
    @(135.22 mm, 113.30 mm): Symbol U1 Pin 3 [PA15/ADC, Bidirectional, Line]
[pin_not_connected]: Pin not connected
    ; error
    @(87.00 mm, 153.81 mm): Symbol C1 Pin 2 [Passive, Line]
[pin_not_connected]: Pin not connected
    ; error
    @(135.22 mm, 115.84 mm): Symbol U1 Pin 4 [PB6/UART1_TX, Bidirectional, Line]
[pin_not_connected]: Pin not connected
    ; error
    @(135.22 mm, 118.38 mm): Symbol U1 Pin 5 [PB7/UART1_RX, Bidirectional, Line]
[pin_not_connected]: Pin not connected
    ; error
    @(123.00 mm, 132.19 mm): Symbol R2 Pin 1 [Passive, Line]
[pin_not_connected]: Pin not connected
    ; error
    @(135.22 mm, 120.92 mm): Symbol U1 Pin 6 [PA1, Bidirectional, Line]
[pin_not_connected]: Pin not connected
    ; error
    @(103.00 mm, 150.19 mm): Symbol R3 Pin 1 [Passive, Line]
[pin_not_connected]: Pin not connected
    ; error
    @(135.22 mm, 123.46 mm): Symbol U1 Pin 7 [PA13/SWDIO, Bidirectional, Line]
[pin_not_connected]: Pin not connected
    ; error
    @(153.00 mm, 103.14 mm): Symbol U1 Pin 24 [VDD, Power input, Line]
[pin_not_connected]: Pin not connected
    ; error
    @(135.22 mm, 126.00 mm): Symbol U1 Pin 8 [PA14/SWCLK, Bidirectional, Line]
[pin_not_connected]: Pin not connected
    ; error
    @(123.00 mm, 139.81 mm): Symbol R2 Pin 2 [Passive, Line]
[pin_not_connected]: Pin not connected
    ; error
    @(135.22 mm, 128.54 mm): Symbol U1 Pin 9 [PA12/I2C_SCL, Bidirectional, Line]
[pin_not_connected]: Pin not connected
    ; error
    @(123.00 mm, 142.19 mm): Symbol R1 Pin 1 [Passive, Line]
[pin_not_connected]: Pin not connected
    ; error
    @(135.22 mm, 131.08 mm): Symbol U1 Pin 10 [PA11/I2C_SDA, Bidirectional, Line]
[pin_not_connected]: Pin not connected
    ; error
    @(103.00 mm, 157.81 mm): Symbol R3 Pin 2 [Passive, Line]
[pin_not_connected]: Pin not connected
    ; error
    @(135.22 mm, 133.62 mm): Symbol U1 Pin 12 [RF, Passive, Line]
[label_dangling]: Label not connected to anything
    ; error
    @(189.73 mm, 12.00 mm): Label 'LED_NET'
[pin_not_connected]: Pin not connected
    ; error
    @(105.54 mm, 158.92 mm): Symbol Q1 Pin 3 [D, Passive, Line]
[pin_not_connected]: Pin not connected
    ; error
    @(97.92 mm, 164.00 mm): Symbol Q1 Pin 1 [G, Input, Line]
[pin_not_connected]: Pin not connected
    ; error
    @(135.22 mm, 136.16 mm): Symbol U1 Pin 21 [BOOT0, Input, Line]
[pin_not_connected]: Pin not connected
    ; error
    @(163.00 mm, 102.19 mm): Symbol C3 Pin 1 [Passive, Line]
[pin_not_connected]: Pin not connected
    ; error
    @(135.22 mm, 138.70 mm): Symbol U1 Pin 22 [NRST, Input, Line]
[pin_not_connected]: Pin not connected
    ; error
    @(123.00 mm, 149.81 mm): Symbol R1 Pin 2 [Passive, Line]
[pin_not_connected]: Pin not connected
    ; error
    @(163.00 mm, 109.81 mm): Symbol C3 Pin 2 [Passive, Line]
[pin_not_connected]: Pin not connected
    ; error
    @(105.54 mm, 169.08 mm): Symbol Q1 Pin 2 [S, Passive, Line]
[pin_not_connected]: Pin not connected
    ; error
    @(170.78 mm, 103.14 mm): Symbol U1 Pin 32 [PB3/ADC, Bidirectional, Line]
[pin_not_connected]: Pin not connected
    ; error
    @(170.78 mm, 105.68 mm): Symbol U1 Pin 31 [PB4/ADC, Bidirectional, Line]
[pin_not_connected]: Pin not connected
    ; error
    @(170.78 mm, 108.22 mm): Symbol U1 Pin 30 [PB5, Bidirectional, Line]
[pin_not_connected]: Pin not connected
    ; error
    @(170.78 mm, 110.76 mm): Symbol U1 Pin 29 [PA0, Bidirectional, Line]
[pin_not_connected]: Pin not connected
    ; error
    @(170.78 mm, 113.30 mm): Symbol U1 Pin 27 [PB12, Bidirectional, Line]
[pin_not_connected]: Pin not connected
    ; error
    @(170.78 mm, 115.84 mm): Symbol U1 Pin 26 [PB2/ADC, Bidirectional, Line]
[pin_not_connected]: Pin not connected
    ; error
    @(170.78 mm, 118.38 mm): Symbol U1 Pin 25 [PA10/ADC, Bidirectional, Line]
[label_dangling]: Label not connected to anything
    ; error
    @(78.08 mm, 194.00 mm): Label 'HX_VCC'
[pin_not_connected]: Pin not connected
    ; error
    @(170.78 mm, 120.92 mm): Symbol U1 Pin 20 [PA9, Bidirectional, Line]
[pin_not_connected]: Pin not connected
    ; error
    @(170.78 mm, 123.46 mm): Symbol U1 Pin 19 [PA8, Bidirectional, Line]
[pin_not_connected]: Pin not connected
    ; error
    @(170.78 mm, 126.00 mm): Symbol U1 Pin 16 [PA4/NSS, Bidirectional, Line]
[pin_not_connected]: Pin not connected
    ; error
    @(177.92 mm, 116.00 mm): Symbol SW1 Pin 1 [1, Passive, Line]
[pin_not_connected]: Pin not connected
    ; error
    @(202.84 mm, 63.46 mm): Symbol U4 Pin 1 [VIN, Power input, Line]
[pin_not_connected]: Pin not connected
    ; error
    @(153.00 mm, 148.86 mm): Symbol U1 Pin 11 [GND, Power input, Line]
[pin_not_connected]: Pin not connected
    ; error
    @(170.78 mm, 128.54 mm): Symbol U1 Pin 15 [PA5/SCK, Bidirectional, Line]
[pin_not_connected]: Pin not connected
    ; error
    @(202.84 mm, 68.54 mm): Symbol U4 Pin 3 [EN, Input, Line]
[pin_not_connected]: Pin not connected
    ; error
    @(170.78 mm, 131.08 mm): Symbol U1 Pin 14 [PA6/MISO, Bidirectional, Line]
[pin_not_connected]: Pin not connected
    ; error
    @(170.78 mm, 133.62 mm): Symbol U1 Pin 13 [PA7/MOSI, Bidirectional, Line]
[pin_not_connected]: Pin not connected
    ; error
    @(188.08 mm, 116.00 mm): Symbol SW1 Pin 2 [2, Passive, Line]
[pin_not_connected]: Pin not connected
    ; error
    @(183.00 mm, 126.19 mm): Symbol R4 Pin 1 [Passive, Line]
[pin_not_connected]: Pin not connected
    ; error
    @(213.00 mm, 73.62 mm): Symbol U4 Pin 2 [GND, Power input, Line]
[pin_not_connected]: Pin not connected
    ; error
    @(183.00 mm, 133.81 mm): Symbol R4 Pin 2 [Passive, Line]
[pin_not_connected]: Pin not connected
    ; error
    @(177.92 mm, 142.00 mm): Symbol Q2 Pin 1 [G, Input, Line]
[pin_not_connected]: Pin not connected
    ; error
    @(223.00 mm, 58.00 mm): Symbol #PWR3 Pin 1 [Power output, Line]
[pin_not_connected]: Pin not connected
    ; error
    @(185.54 mm, 136.92 mm): Symbol Q2 Pin 3 [D, Passive, Line]
[pin_not_connected]: Pin not connected
    ; error
    @(223.16 mm, 63.46 mm): Symbol U4 Pin 5 [VOUT, Power output, Line]
[pin_not_connected]: Pin not connected
    ; error
    @(194.81 mm, 130.00 mm): Symbol D1 Pin 2 [A, Passive, Line]
[pin_not_connected]: Pin not connected
    ; error
    @(185.54 mm, 147.08 mm): Symbol Q2 Pin 2 [S, Passive, Line]
[pin_not_connected]: Pin not connected
    ; error
    @(190.46 mm, 143.46 mm): Symbol BZ1 Pin 1 [+, Passive, Line]
[pin_not_connected]: Pin not connected
    ; error
    @(230.46 mm, 72.00 mm): Symbol D3 Pin 1 [K, Passive, Line]
[pin_not_connected]: Pin not connected
    ; error
    @(190.46 mm, 148.54 mm): Symbol BZ1 Pin 2 [-, Passive, Line]
[pin_not_connected]: Pin not connected
    ; error
    @(235.38 mm, 63.78 mm): Symbol J3 Pin S1 [SHIELD, Passive, Line]
[pin_not_connected]: Pin not connected
    ; error
    @(235.54 mm, 72.00 mm): Symbol D3 Pin 2 [A, Passive, Line]
[pin_not_connected]: Pin not connected
    ; error
    @(243.00 mm, 63.78 mm): Symbol J3 Pin A12 [GND, Passive, Line]
[label_dangling]: Label not connected to anything
    ; error
    @(165.54 mm, 194.00 mm): Label 'VCC'
[pin_not_connected]: Pin not connected
    ; error
    @(240.30 mm, 90.76 mm): Symbol J2 Pin 1 [NC, Passive, Line]
[pin_not_connected]: Pin not connected
    ; error
    @(240.30 mm, 93.30 mm): Symbol J2 Pin 2 [GDR, Input, Line]
[pin_not_connected]: Pin not connected
    ; error
    @(240.30 mm, 95.84 mm): Symbol J2 Pin 3 [RESE, Input, Line]
[pin_not_connected]: Pin not connected
    ; error
    @(240.30 mm, 98.38 mm): Symbol J2 Pin 4 [NC, Passive, Line]
[pin_not_connected]: Pin not connected
    ; error
    @(240.30 mm, 100.92 mm): Symbol J2 Pin 6 [TSCL, Passive, Line]
[pin_not_connected]: Pin not connected
    ; error
    @(258.24 mm, 38.38 mm): Symbol J3 Pin A9 [VBUS, Passive, Line]
[pin_not_connected]: Pin not connected
    ; error
    @(240.30 mm, 103.46 mm): Symbol J2 Pin 7 [TSDA, Passive, Line]
[pin_not_connected]: Pin not connected
    ; error
    @(240.30 mm, 106.00 mm): Symbol J2 Pin 8 [BS1, Input, Line]
[pin_not_connected]: Pin not connected
    ; error
    @(258.24 mm, 51.08 mm): Symbol J3 Pin A5 [CC1, Bidirectional, Line]
[pin_not_connected]: Pin not connected
    ; error
    @(240.30 mm, 108.54 mm): Symbol J2 Pin 9 [BUSY, Output, Line]
[pin_not_connected]: Pin not connected
    ; error
    @(258.24 mm, 53.62 mm): Symbol J3 Pin B5 [CC2, Bidirectional, Line]
[pin_not_connected]: Pin not connected
    ; error
    @(240.30 mm, 111.08 mm): Symbol J2 Pin 10 [RES#, Input, Line]
[pin_not_connected]: Pin not connected
    ; error
    @(263.00 mm, 32.19 mm): Symbol R5 Pin 1 [Passive, Line]
[pin_not_connected]: Pin not connected
    ; error
    @(240.30 mm, 113.62 mm): Symbol J2 Pin 11 [D/C#, Input, Line]
[pin_not_connected]: Pin not connected
    ; error
    @(263.00 mm, 39.81 mm): Symbol R5 Pin 2 [Passive, Line]
[pin_not_connected]: Pin not connected
    ; error
    @(240.30 mm, 116.16 mm): Symbol J2 Pin 12 [CS#, Input, Line]
[pin_not_connected]: Pin not connected
    ; error
    @(240.30 mm, 118.70 mm): Symbol J2 Pin 13 [SCL, Input, Line]
[pin_not_connected]: Pin not connected
    ; error
    @(267.00 mm, 32.19 mm): Symbol R6 Pin 1 [Passive, Line]
[pin_not_connected]: Pin not connected
    ; error
    @(240.30 mm, 121.24 mm): Symbol J2 Pin 14 [SDA, Input, Line]
[pin_not_connected]: Pin not connected
    ; error
    @(267.00 mm, 39.81 mm): Symbol R6 Pin 2 [Passive, Line]
[pin_not_connected]: Pin not connected
    ; error
    @(265.70 mm, 93.30 mm): Symbol J2 Pin 5 [VSH2, Power input, Line]
[pin_not_connected]: Pin not connected
    ; error
    @(265.70 mm, 95.84 mm): Symbol J2 Pin 18 [VDD, Power input, Line]
[pin_not_connected]: Pin not connected
    ; error
    @(265.70 mm, 98.38 mm): Symbol J2 Pin 19 [VPP, Power input, Line]
[pin_not_connected]: Pin not connected
    ; error
    @(265.70 mm, 100.92 mm): Symbol J2 Pin 20 [VSH1, Power input, Line]
[pin_not_connected]: Pin not connected
    ; error
    @(265.70 mm, 103.46 mm): Symbol J2 Pin 21 [VGH, Power input, Line]
[pin_not_connected]: Pin not connected
    ; error
    @(265.70 mm, 106.00 mm): Symbol J2 Pin 22 [VSL, Power input, Line]
[pin_not_connected]: Pin not connected
    ; error
    @(265.70 mm, 108.54 mm): Symbol J2 Pin 23 [VGL, Power input, Line]
[pin_not_connected]: Pin not connected
    ; error
    @(265.70 mm, 111.08 mm): Symbol J2 Pin 24 [VCOM, Power input, Line]
[label_dangling]: Label not connected to anything
    ; error
    @(287.54 mm, 39.81 mm): Label 'CC2'
[label_dangling]: Label not connected to anything
    ; error
    @(287.54 mm, 40.92 mm): Label 'CC1'
[pin_not_connected]: Pin not connected
    ; error
    @(265.70 mm, 121.24 mm): Symbol J2 Pin 17 [VSS, Power input, Line]
[label_dangling]: Label not connected to anything
    ; error
    @(287.54 mm, 72.00 mm): Label 'U4_OUT'
[label_dangling]: Label not connected to anything
    ; error
    @(287.54 mm, 98.54 mm): Label 'U3_OUT'
[label_dangling]: Label not connected to anything
    ; error
    @(287.54 mm, 118.38 mm): Label 'EINK_MOSI'
[label_dangling]: Label not connected to anything
    ; error
    @(287.54 mm, 123.46 mm): Label 'EINK_SCK'
[label_dangling]: Label not connected to anything
    ; error
    @(287.54 mm, 126.00 mm): Label 'EINK_CS'
[label_dangling]: Label not connected to anything
    ; error
    @(287.54 mm, 136.16 mm): Label 'LED_STATUS'
[label_dangling]: Label not connected to anything
    ; error
    @(287.54 mm, 138.70 mm): Label 'EINK_RST'
[label_dangling]: Label not connected to anything
    ; error
    @(287.54 mm, 141.24 mm): Label 'EINK_BUSY'
[label_dangling]: Label not connected to anything
    ; error
    @(287.54 mm, 142.00 mm): Label 'BUZZ_PWM'
[label_dangling]: Label not connected to anything
    ; error
    @(287.54 mm, 142.19 mm): Label 'BAT_SENSE'
[label_dangling]: Label not connected to anything
    ; error
    @(287.54 mm, 148.86 mm): Label 'BTN_USER'
[label_dangling]: Label not connected to anything
    ; error
    @(287.54 mm, 150.19 mm): Label 'HX_GATE'
[endpoint_off_grid]: Symbol pin or wire end off connection grid
    ; warning
    @(12.00 mm, 53.00 mm): Vertical Wire, length 5.00 mm
[endpoint_off_grid]: Symbol pin or wire end off connection grid
    ; warning
    @(12.00 mm, 53.62 mm): Vertical Wire, length 4.38 mm
[endpoint_off_grid]: Symbol pin or wire end off connection grid
    ; warning
    @(12.00 mm, 53.62 mm): Vertical Wire, length 4.38 mm
[endpoint_off_grid]: Symbol pin or wire end off connection grid
    ; warning
    @(12.00 mm, 58.00 mm): Horizontal Wire, length 2.54 mm
[endpoint_off_grid]: Symbol pin or wire end off connection grid
    ; warning
    @(12.00 mm, 63.46 mm): Vertical Wire, length 5.46 mm
[endpoint_off_grid]: Symbol pin or wire end off connection grid
    ; warning
    @(12.00 mm, 68.54 mm): Vertical Wire, length 10.54 mm
[endpoint_off_grid]: Symbol pin or wire end off connection grid
    ; warning
    @(33.00 mm, 75.00 mm): Horizontal Wire, length 120.00 mm
[unconnected_wire_endpoint]: Unconnected wire endpoint
    ; warning
    @(33.00 mm, 75.00 mm): Horizontal Wire, length 120.00 mm
[endpoint_off_grid]: Symbol pin or wire end off connection grid
    ; warning
    @(82.84 mm, 12.00 mm): Horizontal Wire, length 2.54 mm
[endpoint_off_grid]: Symbol pin or wire end off connection grid
    ; warning
    @(12.00 mm, 83.00 mm): Vertical Wire, length 13.00 mm
[multiple_net_names]: Both BAT and U3_L are attached to the same items; BAT will be used in the netlist
    ; warning
    @(14.54 mm, 96.00 mm): Label 'BAT'
    @(85.38 mm, 12.00 mm): Label 'U3_L'
[endpoint_off_grid]: Symbol pin or wire end off connection grid
    ; warning
    @(33.00 mm, 80.00 mm): Symbol #PWR4 Pin 1 [Power output, Line]
[lib_symbol_issues]: The current configuration does not include the symbol library 'Power'
    ; warning
    @(33.00 mm, 80.00 mm): Symbol #PWR4 [PWR_FLAG]
[endpoint_off_grid]: Symbol pin or wire end off connection grid
    ; warning
    @(27.92 mm, 83.46 mm): Symbol BT1 Pin 1 [Pin_1, Passive, Line]
[endpoint_off_grid]: Symbol pin or wire end off connection grid
    ; warning
    @(22.92 mm, 86.00 mm): Horizontal Wire, length 130.08 mm
[unconnected_wire_endpoint]: Unconnected wire endpoint
    ; warning
    @(22.92 mm, 86.00 mm): Horizontal Wire, length 130.08 mm
[endpoint_off_grid]: Symbol pin or wire end off connection grid
    ; warning
    @(12.00 mm, 88.54 mm): Vertical Wire, length 7.46 mm
[endpoint_off_grid]: Symbol pin or wire end off connection grid
    ; warning
    @(22.92 mm, 88.54 mm): Horizontal Wire, length 10.92 mm
[unconnected_wire_endpoint]: Unconnected wire endpoint
    ; warning
    @(22.92 mm, 88.54 mm): Horizontal Wire, length 10.92 mm
[endpoint_off_grid]: Symbol pin or wire end off connection grid
    ; warning
    @(12.00 mm, 93.46 mm): Vertical Wire, length 2.54 mm
[endpoint_off_grid]: Symbol pin or wire end off connection grid
    ; warning
    @(45.00 mm, 83.00 mm): Horizontal Wire, length 33.00 mm
[unconnected_wire_endpoint]: Unconnected wire endpoint
    ; warning
    @(45.00 mm, 83.00 mm): Horizontal Wire, length 33.00 mm
[endpoint_off_grid]: Symbol pin or wire end off connection grid
    ; warning
    @(12.00 mm, 96.00 mm): Horizontal Wire, length 2.54 mm
[endpoint_off_grid]: Symbol pin or wire end off connection grid
    ; warning
    @(45.00 mm, 88.00 mm): Symbol #PWR2 Pin 1 [Power output, Line]
[lib_symbol_issues]: The current configuration does not include the symbol library 'Power'
    ; warning
    @(45.00 mm, 88.00 mm): Symbol #PWR2 [PWR_FLAG]
[endpoint_off_grid]: Symbol pin or wire end off connection grid
    ; warning
    @(12.00 mm, 98.38 mm): Vertical Wire, length 27.46 mm
[endpoint_off_grid]: Symbol pin or wire end off connection grid
    ; warning
    @(12.00 mm, 98.54 mm): Vertical Wire, length 2.54 mm
[endpoint_off_grid]: Symbol pin or wire end off connection grid
    ; warning
    @(12.00 mm, 104.81 mm): Vertical Wire, length 8.81 mm
[endpoint_off_grid]: Symbol pin or wire end off connection grid
    ; warning
    @(79.00 mm, 87.19 mm): Horizontal Wire, length 3.84 mm
[unconnected_wire_endpoint]: Unconnected wire endpoint
    ; warning
    @(79.00 mm, 87.19 mm): Horizontal Wire, length 3.84 mm
[endpoint_off_grid]: Symbol pin or wire end off connection grid
    ; warning
    @(82.84 mm, 87.19 mm): Vertical Wire, length 75.19 mm
[endpoint_off_grid]: Symbol pin or wire end off connection grid
    ; warning
    @(79.00 mm, 92.19 mm): Symbol L1 Pin 1 [1, Passive, Line]
[endpoint_off_grid]: Symbol pin or wire end off connection grid
    ; warning
    @(12.00 mm, 120.92 mm): Vertical Wire, length 4.92 mm
[endpoint_off_grid]: Symbol pin or wire end off connection grid
    ; warning
    @(77.84 mm, 93.46 mm): Horizontal Wire, length 65.84 mm
[unconnected_wire_endpoint]: Unconnected wire endpoint
    ; warning
    @(77.84 mm, 93.46 mm): Horizontal Wire, length 65.84 mm
[endpoint_off_grid]: Symbol pin or wire end off connection grid
    ; warning
    @(77.84 mm, 96.00 mm): Horizontal Wire, length 65.84 mm
[unconnected_wire_endpoint]: Unconnected wire endpoint
    ; warning
    @(77.84 mm, 96.00 mm): Horizontal Wire, length 65.84 mm
[endpoint_off_grid]: Symbol pin or wire end off connection grid
    ; warning
    @(12.00 mm, 123.46 mm): Vertical Wire, length 2.38 mm
[endpoint_off_grid]: Symbol pin or wire end off connection grid
    ; warning
    @(82.84 mm, 93.46 mm): Symbol U3 Pin 5 [L, Power input, Line]
[endpoint_off_grid]: Symbol pin or wire end off connection grid
    ; warning
    @(93.00 mm, 83.38 mm): Horizontal Wire, length 60.00 mm
[unconnected_wire_endpoint]: Unconnected wire endpoint
    ; warning
    @(93.00 mm, 83.38 mm): Horizontal Wire, length 60.00 mm
[endpoint_off_grid]: Symbol pin or wire end off connection grid
    ; warning
    @(32.92 mm, 120.92 mm): Horizontal Wire, length 20.92 mm
[unconnected_wire_endpoint]: Unconnected wire endpoint
    ; warning
    @(32.92 mm, 120.92 mm): Horizontal Wire, length 20.92 mm
[endpoint_off_grid]: Symbol pin or wire end off connection grid
    ; warning
    @(77.84 mm, 98.54 mm): Horizontal Wire, length 5.00 mm
[endpoint_off_grid]: Symbol pin or wire end off connection grid
    ; warning
    @(77.84 mm, 98.54 mm): Horizontal Wire, length 65.84 mm
[endpoint_off_grid]: Symbol pin or wire end off connection grid
    ; warning
    @(12.00 mm, 125.84 mm): Horizontal Wire, length 2.54 mm
[endpoint_off_grid]: Symbol pin or wire end off connection grid
    ; warning
    @(32.92 mm, 123.46 mm): Horizontal Wire, length 20.92 mm
[unconnected_wire_endpoint]: Unconnected wire endpoint
    ; warning
    @(32.92 mm, 123.46 mm): Horizontal Wire, length 20.92 mm
[endpoint_off_grid]: Symbol pin or wire end off connection grid
    ; warning
    @(82.84 mm, 98.54 mm): Vertical Wire, length 86.54 mm
[endpoint_off_grid]: Symbol pin or wire end off connection grid
    ; warning
    @(12.00 mm, 128.38 mm): Horizontal Wire, length 2.54 mm
[endpoint_off_grid]: Symbol pin or wire end off connection grid
    ; warning
    @(37.92 mm, 123.46 mm): Symbol J1 Pin 1 [Pin_1, Passive, Line]
[endpoint_off_grid]: Symbol pin or wire end off connection grid
    ; warning
    @(32.92 mm, 126.00 mm): Horizontal Wire, length 120.08 mm
[unconnected_wire_endpoint]: Unconnected wire endpoint
    ; warning
    @(32.92 mm, 126.00 mm): Horizontal Wire, length 120.08 mm
[endpoint_off_grid]: Symbol pin or wire end off connection grid
    ; warning
    @(79.00 mm, 104.81 mm): Horizontal Wire, length 67.00 mm
[unconnected_wire_endpoint]: Unconnected wire endpoint
    ; warning
    @(79.00 mm, 104.81 mm): Horizontal Wire, length 67.00 mm
[endpoint_off_grid]: Symbol pin or wire end off connection grid
    ; warning
    @(12.00 mm, 131.08 mm): Horizontal Wire, length 2.54 mm
[endpoint_off_grid]: Symbol pin or wire end off connection grid
    ; warning
    @(73.00 mm, 110.68 mm): Horizontal Wire, length 80.00 mm
[unconnected_wire_endpoint]: Unconnected wire endpoint
    ; warning
    @(73.00 mm, 110.68 mm): Horizontal Wire, length 80.00 mm
[endpoint_off_grid]: Symbol pin or wire end off connection grid
    ; warning
    @(32.92 mm, 128.54 mm): Horizontal Wire, length 42.62 mm
[unconnected_wire_endpoint]: Unconnected wire endpoint
    ; warning
    @(32.92 mm, 128.54 mm): Horizontal Wire, length 42.62 mm
[endpoint_off_grid]: Symbol pin or wire end off connection grid
    ; warning
    @(55.30 mm, 120.76 mm): Horizontal Wire, length 97.70 mm
[unconnected_wire_endpoint]: Unconnected wire endpoint
    ; warning
    @(55.30 mm, 120.76 mm): Horizontal Wire, length 97.70 mm
[footprint_link_issues]: Footprint 'SC-70-6_1.6x1.5mm_P0.5mm' not found in library 'Package_TO_SOT_SMD'.
    ; warning
    @(93.00 mm, 96.00 mm): Symbol U3 [TPS61220DCK]
[endpoint_off_grid]: Symbol pin or wire end off connection grid
    ; warning
    @(12.00 mm, 136.16 mm): Vertical Wire, length 4.92 mm
[endpoint_off_grid]: Symbol pin or wire end off connection grid
    ; warning
    @(60.30 mm, 123.30 mm): Symbol U2 Pin 2 [BASE, Passive, Line]
[endpoint_off_grid]: Symbol pin or wire end off connection grid
    ; warning
    @(55.30 mm, 125.84 mm): Horizontal Wire, length 43.30 mm
[unconnected_wire_endpoint]: Unconnected wire endpoint
    ; warning
    @(55.30 mm, 125.84 mm): Horizontal Wire, length 43.30 mm
[endpoint_off_grid]: Symbol pin or wire end off connection grid
    ; warning
    @(12.00 mm, 138.70 mm): Vertical Wire, length 2.38 mm
[endpoint_off_grid]: Symbol pin or wire end off connection grid
    ; warning
    @(55.30 mm, 128.38 mm): Horizontal Wire, length 43.30 mm
[unconnected_wire_endpoint]: Unconnected wire endpoint
    ; warning
    @(55.30 mm, 128.38 mm): Horizontal Wire, length 43.30 mm
[endpoint_off_grid]: Symbol pin or wire end off connection grid
    ; warning
    @(12.00 mm, 141.08 mm): Horizontal Wire, length 2.54 mm
[endpoint_off_grid]: Symbol pin or wire end off connection grid
    ; warning
    @(12.00 mm, 141.24 mm): Horizontal Wire, length 2.54 mm
[label_multiple_wires]: Label connects more than one wire at 145400, 1410800
    ; warning
    @(14.54 mm, 141.08 mm): Label 'HX711_SCK'
    @(130.22 mm, 141.24 mm): Horizontal Wire, length 118.22 mm
[label_multiple_wires]: Label connects more than one wire at 145400, 1412400
    ; warning
    @(14.54 mm, 141.24 mm): Label 'UART2_TX'
    @(130.22 mm, 141.24 mm): Horizontal Wire, length 118.22 mm
[endpoint_off_grid]: Symbol pin or wire end off connection grid
    ; warning
    @(108.16 mm, 93.46 mm): Horizontal Wire, length 176.84 mm
[unconnected_wire_endpoint]: Unconnected wire endpoint
    ; warning
    @(108.16 mm, 93.46 mm): Horizontal Wire, length 176.84 mm
[endpoint_off_grid]: Symbol pin or wire end off connection grid
    ; warning
    @(12.00 mm, 143.46 mm): Vertical Wire, length 0.16 mm
[endpoint_off_grid]: Symbol pin or wire end off connection grid
    ; warning
    @(12.00 mm, 143.62 mm): Horizontal Wire, length 2.54 mm
[endpoint_off_grid]: Symbol pin or wire end off connection grid
    ; warning
    @(12.00 mm, 143.78 mm): Horizontal Wire, length 2.54 mm
[label_multiple_wires]: Label connects more than one wire at 145400, 1436200
    ; warning
    @(14.54 mm, 143.62 mm): Label 'HX711_DT'
    @(185.46 mm, 143.46 mm): Horizontal Wire, length 173.46 mm
[endpoint_off_grid]: Symbol pin or wire end off connection grid
    ; warning
    @(55.30 mm, 133.46 mm): Horizontal Wire, length 97.70 mm
[unconnected_wire_endpoint]: Unconnected wire endpoint
    ; warning
    @(55.30 mm, 133.46 mm): Horizontal Wire, length 97.70 mm
[label_multiple_wires]: Label connects more than one wire at 145400, 1437800
    ; warning
    @(14.54 mm, 143.78 mm): Label 'UART2_RX'
    @(12.00 mm, 143.62 mm): Horizontal Wire, length 2.54 mm
[endpoint_off_grid]: Symbol pin or wire end off connection grid
    ; warning
    @(108.16 mm, 98.54 mm): Horizontal Wire, length 176.84 mm
[unconnected_wire_endpoint]: Unconnected wire endpoint
    ; warning
    @(108.16 mm, 98.54 mm): Horizontal Wire, length 176.84 mm
[endpoint_off_grid]: Symbol pin or wire end off connection grid
    ; warning
    @(105.46 mm, 102.00 mm): Horizontal Wire, length 57.54 mm
[unconnected_wire_endpoint]: Unconnected wire endpoint
    ; warning
    @(105.46 mm, 102.00 mm): Horizontal Wire, length 57.54 mm
[endpoint_off_grid]: Symbol pin or wire end off connection grid
    ; warning
    @(55.30 mm, 136.00 mm): Horizontal Wire, length 97.70 mm
[unconnected_wire_endpoint]: Unconnected wire endpoint
    ; warning
    @(55.30 mm, 136.00 mm): Horizontal Wire, length 97.70 mm
[endpoint_off_grid]: Symbol pin or wire end off connection grid
    ; warning
    @(12.00 mm, 147.08 mm): Horizontal Wire, length 2.54 mm
[endpoint_off_grid]: Symbol pin or wire end off connection grid
    ; warning
    @(75.54 mm, 128.54 mm): Vertical Wire, length 65.46 mm
[endpoint_off_grid]: Symbol pin or wire end off connection grid
    ; warning
    @(110.46 mm, 102.00 mm): Symbol D2 Pin 1 [K, Passive, Line]
[endpoint_off_grid]: Symbol pin or wire end off connection grid
    ; warning
    @(12.00 mm, 152.08 mm): Vertical Wire, length 5.00 mm
[endpoint_off_grid]: Symbol pin or wire end off connection grid
    ; warning
    @(153.00 mm, 12.00 mm): Horizontal Wire, length 2.54 mm
[endpoint_off_grid]: Symbol pin or wire end off connection grid
    ; warning
    @(153.00 mm, 23.22 mm): Vertical Wire, length 11.22 mm
[endpoint_off_grid]: Symbol pin or wire end off connection grid
    ; warning
    @(153.00 mm, 23.22 mm): Vertical Wire, length 11.22 mm
[endpoint_off_grid]: Symbol pin or wire end off connection grid
    ; warning
    @(153.00 mm, 23.22 mm): Vertical Wire, length 11.22 mm
[endpoint_off_grid]: Symbol pin or wire end off connection grid
    ; warning
    @(90.70 mm, 125.84 mm): Horizontal Wire, length 62.30 mm
[unconnected_wire_endpoint]: Unconnected wire endpoint
    ; warning
    @(90.70 mm, 125.84 mm): Horizontal Wire, length 62.30 mm
[endpoint_off_grid]: Symbol pin or wire end off connection grid
    ; warning
    @(153.00 mm, 27.19 mm): Vertical Wire, length 15.19 mm
[endpoint_off_grid]: Symbol pin or wire end off connection grid
    ; warning
    @(153.00 mm, 27.19 mm): Vertical Wire, length 15.19 mm
[endpoint_off_grid]: Symbol pin or wire end off connection grid
    ; warning
    @(55.30 mm, 146.16 mm): Horizontal Wire, length 20.24 mm
[unconnected_wire_endpoint]: Unconnected wire endpoint
    ; warning
    @(55.30 mm, 146.16 mm): Horizontal Wire, length 20.24 mm
[endpoint_off_grid]: Symbol pin or wire end off connection grid
    ; warning
    @(120.54 mm, 102.00 mm): Horizontal Wire, length 164.46 mm
[unconnected_wire_endpoint]: Unconnected wire endpoint
    ; warning
    @(120.54 mm, 102.00 mm): Horizontal Wire, length 164.46 mm
[endpoint_off_grid]: Symbol pin or wire end off connection grid
    ; warning
    @(153.00 mm, 53.38 mm): Vertical Wire, length 41.38 mm
[endpoint_off_grid]: Symbol pin or wire end off connection grid
    ; warning
    @(91.00 mm, 135.19 mm): Horizontal Wire, length 62.00 mm
[unconnected_wire_endpoint]: Unconnected wire endpoint
    ; warning
    @(91.00 mm, 135.19 mm): Horizontal Wire, length 62.00 mm
[endpoint_off_grid]: Symbol pin or wire end off connection grid
    ; warning
    @(75.54 mm, 146.16 mm): Vertical Wire, length 47.84 mm
[endpoint_off_grid]: Symbol pin or wire end off connection grid
    ; warning
    @(153.00 mm, 63.46 mm): Vertical Wire, length 51.46 mm
[endpoint_off_grid]: Symbol pin or wire end off connection grid
    ; warning
    @(87.00 mm, 141.19 mm): Horizontal Wire, length 66.00 mm
[unconnected_wire_endpoint]: Unconnected wire endpoint
    ; warning
    @(87.00 mm, 141.19 mm): Horizontal Wire, length 66.00 mm
[endpoint_off_grid]: Symbol pin or wire end off connection grid
    ; warning
    @(91.00 mm, 140.19 mm): Symbol C2 Pin 1 [Passive, Line]
[endpoint_off_grid]: Symbol pin or wire end off connection grid
    ; warning
    @(90.70 mm, 141.08 mm): Horizontal Wire, length 78.70 mm
[unconnected_wire_endpoint]: Unconnected wire endpoint
    ; warning
    @(90.70 mm, 141.08 mm): Horizontal Wire, length 78.70 mm
[endpoint_off_grid]: Symbol pin or wire end off connection grid
    ; warning
    @(90.70 mm, 143.62 mm): Horizontal Wire, length 78.70 mm
[unconnected_wire_endpoint]: Unconnected wire endpoint
    ; warning
    @(90.70 mm, 143.62 mm): Horizontal Wire, length 78.70 mm
[endpoint_off_grid]: Symbol pin or wire end off connection grid
    ; warning
    @(87.00 mm, 146.19 mm): Symbol C1 Pin 1 [Passive, Line]
[endpoint_off_grid]: Symbol pin or wire end off connection grid
    ; warning
    @(153.00 mm, 75.00 mm): Vertical Wire, length 63.00 mm
[endpoint_off_grid]: Symbol pin or wire end off connection grid
    ; warning
    @(75.54 mm, 152.81 mm): Vertical Wire, length 41.19 mm
[endpoint_off_grid]: Symbol pin or wire end off connection grid
    ; warning
    @(145.00 mm, 93.00 mm): Horizontal Wire, length 18.00 mm
[unconnected_wire_endpoint]: Unconnected wire endpoint
    ; warning
    @(145.00 mm, 93.00 mm): Horizontal Wire, length 18.00 mm
[endpoint_off_grid]: Symbol pin or wire end off connection grid
    ; warning
    @(135.22 mm, 108.22 mm): Symbol U1 Pin 1 [PA3/UART2_RX, Bidirectional, Line]
[endpoint_off_grid]: Symbol pin or wire end off connection grid
    ; warning
    @(153.00 mm, 83.38 mm): Vertical Wire, length 71.38 mm
[endpoint_off_grid]: Symbol pin or wire end off connection grid
    ; warning
    @(145.00 mm, 98.00 mm): Symbol #PWR1 Pin 1 [Power output, Line]
[lib_symbol_issues]: The current configuration does not include the symbol library 'Power'
    ; warning
    @(145.00 mm, 98.00 mm): Symbol #PWR1 [PWR_FLAG]
[endpoint_off_grid]: Symbol pin or wire end off connection grid
    ; warning
    @(153.00 mm, 86.00 mm): Vertical Wire, length 74.00 mm
[endpoint_off_grid]: Symbol pin or wire end off connection grid
    ; warning
    @(75.54 mm, 158.81 mm): Vertical Wire, length 35.19 mm
[endpoint_off_grid]: Symbol pin or wire end off connection grid
    ; warning
    @(70.46 mm, 161.32 mm): Horizontal Wire, length 5.08 mm
[unconnected_wire_endpoint]: Unconnected wire endpoint
    ; warning
    @(70.46 mm, 161.32 mm): Horizontal Wire, length 5.08 mm
[endpoint_off_grid]: Symbol pin or wire end off connection grid
    ; warning
    @(123.00 mm, 127.19 mm): Horizontal Wire, length 30.00 mm
[unconnected_wire_endpoint]: Unconnected wire endpoint
    ; warning
    @(123.00 mm, 127.19 mm): Horizontal Wire, length 30.00 mm
[endpoint_off_grid]: Symbol pin or wire end off connection grid
    ; warning
    @(91.00 mm, 152.81 mm): Horizontal Wire, length 15.46 mm
[unconnected_wire_endpoint]: Unconnected wire endpoint
    ; warning
    @(91.00 mm, 152.81 mm): Horizontal Wire, length 15.46 mm
[endpoint_off_grid]: Symbol pin or wire end off connection grid
    ; warning
    @(153.00 mm, 90.76 mm): Vertical Wire, length 78.76 mm
[endpoint_off_grid]: Symbol pin or wire end off connection grid
    ; warning
    @(103.00 mm, 145.19 mm): Horizontal Wire, length 182.00 mm
[unconnected_wire_endpoint]: Unconnected wire endpoint
    ; warning
    @(103.00 mm, 145.19 mm): Horizontal Wire, length 182.00 mm
[endpoint_off_grid]: Symbol pin or wire end off connection grid
    ; warning
    @(75.54 mm, 161.32 mm): Vertical Wire, length 32.68 mm
[endpoint_off_grid]: Symbol pin or wire end off connection grid
    ; warning
    @(75.54 mm, 161.32 mm): Vertical Wire, length 32.68 mm
[endpoint_off_grid]: Symbol pin or wire end off connection grid
    ; warning
    @(163.00 mm, 72.00 mm): Vertical Wire, length 122.00 mm
[endpoint_off_grid]: Symbol pin or wire end off connection grid
    ; warning
    @(123.00 mm, 132.19 mm): Symbol R2 Pin 1 [Passive, Line]
[endpoint_off_grid]: Symbol pin or wire end off connection grid
    ; warning
    @(87.00 mm, 158.81 mm): Horizontal Wire, length 11.46 mm
[unconnected_wire_endpoint]: Unconnected wire endpoint
    ; warning
    @(87.00 mm, 158.81 mm): Horizontal Wire, length 11.46 mm
[endpoint_off_grid]: Symbol pin or wire end off connection grid
    ; warning
    @(153.00 mm, 97.19 mm): Vertical Wire, length 85.19 mm
[endpoint_off_grid]: Symbol pin or wire end off connection grid
    ; warning
    @(153.00 mm, 98.14 mm): Vertical Wire, length 86.14 mm
[endpoint_off_grid]: Symbol pin or wire end off connection grid
    ; warning
    @(153.00 mm, 98.14 mm): Vertical Wire, length 86.14 mm
[endpoint_off_grid]: Symbol pin or wire end off connection grid
    ; warning
    @(153.00 mm, 98.14 mm): Vertical Wire, length 86.14 mm
[endpoint_off_grid]: Symbol pin or wire end off connection grid
    ; warning
    @(153.00 mm, 98.14 mm): Vertical Wire, length 86.14 mm
[endpoint_off_grid]: Symbol pin or wire end off connection grid
    ; warning
    @(153.00 mm, 98.14 mm): Vertical Wire, length 86.14 mm
[endpoint_off_grid]: Symbol pin or wire end off connection grid
    ; warning
    @(103.00 mm, 150.19 mm): Symbol R3 Pin 1 [Passive, Line]
[endpoint_off_grid]: Symbol pin or wire end off connection grid
    ; warning
    @(123.00 mm, 137.19 mm): Horizontal Wire, length 162.00 mm
[unconnected_wire_endpoint]: Unconnected wire endpoint
    ; warning
    @(123.00 mm, 137.19 mm): Horizontal Wire, length 162.00 mm
[endpoint_off_grid]: Symbol pin or wire end off connection grid
    ; warning
    @(130.22 mm, 131.08 mm): Horizontal Wire, length 118.22 mm
[unconnected_wire_endpoint]: Unconnected wire endpoint
    ; warning
    @(130.22 mm, 131.08 mm): Horizontal Wire, length 118.22 mm
[endpoint_off_grid]: Symbol pin or wire end off connection grid
    ; warning
    @(153.00 mm, 106.00 mm): Vertical Wire, length 94.00 mm
[endpoint_off_grid]: Symbol pin or wire end off connection grid
    ; warning
    @(105.54 mm, 153.92 mm): Horizontal Wire, length 57.46 mm
[unconnected_wire_endpoint]: Unconnected wire endpoint
    ; warning
    @(105.54 mm, 153.92 mm): Horizontal Wire, length 57.46 mm
[endpoint_off_grid]: Symbol pin or wire end off connection grid
    ; warning
    @(187.19 mm, 12.00 mm): Horizontal Wire, length 2.54 mm
[endpoint_off_grid]: Symbol pin or wire end off connection grid
    ; warning
    @(163.00 mm, 93.00 mm): Vertical Wire, length 101.00 mm
[endpoint_off_grid]: Symbol pin or wire end off connection grid
    ; warning
    @(123.00 mm, 142.19 mm): Symbol R1 Pin 1 [Passive, Line]
[endpoint_off_grid]: Symbol pin or wire end off connection grid
    ; warning
    @(130.22 mm, 136.16 mm): Horizontal Wire, length 118.22 mm
[unconnected_wire_endpoint]: Unconnected wire endpoint
    ; warning
    @(130.22 mm, 136.16 mm): Horizontal Wire, length 118.22 mm
[endpoint_off_grid]: Symbol pin or wire end off connection grid
    ; warning
    @(92.92 mm, 164.00 mm): Horizontal Wire, length 192.08 mm
[unconnected_wire_endpoint]: Unconnected wire endpoint
    ; warning
    @(92.92 mm, 164.00 mm): Horizontal Wire, length 192.08 mm
[endpoint_off_grid]: Symbol pin or wire end off connection grid
    ; warning
    @(153.00 mm, 110.68 mm): Vertical Wire, length 98.68 mm
[endpoint_off_grid]: Symbol pin or wire end off connection grid
    ; warning
    @(75.54 mm, 174.08 mm): Vertical Wire, length 19.92 mm
[endpoint_off_grid]: Symbol pin or wire end off connection grid
    ; warning
    @(163.00 mm, 97.19 mm): Horizontal Wire, length 10.00 mm
[unconnected_wire_endpoint]: Unconnected wire endpoint
    ; warning
    @(163.00 mm, 97.19 mm): Horizontal Wire, length 10.00 mm
[endpoint_off_grid]: Symbol pin or wire end off connection grid
    ; warning
    @(123.00 mm, 144.81 mm): Horizontal Wire, length 162.00 mm
[unconnected_wire_endpoint]: Unconnected wire endpoint
    ; warning
    @(123.00 mm, 144.81 mm): Horizontal Wire, length 162.00 mm
[endpoint_off_grid]: Symbol pin or wire end off connection grid
    ; warning
    @(130.22 mm, 138.70 mm): Horizontal Wire, length 118.22 mm
[unconnected_wire_endpoint]: Unconnected wire endpoint
    ; warning
    @(130.22 mm, 138.70 mm): Horizontal Wire, length 118.22 mm
[endpoint_off_grid]: Symbol pin or wire end off connection grid
    ; warning
    @(97.92 mm, 164.00 mm): Symbol Q1 Pin 1 [G, Input, Line]
[endpoint_off_grid]: Symbol pin or wire end off connection grid
    ; warning
    @(153.00 mm, 116.00 mm): Vertical Wire, length 104.00 mm
[endpoint_off_grid]: Symbol pin or wire end off connection grid
    ; warning
    @(130.22 mm, 141.24 mm): Horizontal Wire, length 118.22 mm
[unconnected_wire_endpoint]: Unconnected wire endpoint
    ; warning
    @(130.22 mm, 141.24 mm): Horizontal Wire, length 118.22 mm
[endpoint_off_grid]: Symbol pin or wire end off connection grid
    ; warning
    @(163.00 mm, 102.00 mm): Vertical Wire, length 92.00 mm
[endpoint_off_grid]: Symbol pin or wire end off connection grid
    ; warning
    @(163.00 mm, 102.19 mm): Symbol C3 Pin 1 [Passive, Line]
[endpoint_off_grid]: Symbol pin or wire end off connection grid
    ; warning
    @(103.00 mm, 162.81 mm): Horizontal Wire, length 60.00 mm
[unconnected_wire_endpoint]: Unconnected wire endpoint
    ; warning
    @(103.00 mm, 162.81 mm): Horizontal Wire, length 60.00 mm
[endpoint_off_grid]: Symbol pin or wire end off connection grid
    ; warning
    @(130.22 mm, 143.78 mm): Horizontal Wire, length 118.22 mm
[unconnected_wire_endpoint]: Unconnected wire endpoint
    ; warning
    @(130.22 mm, 143.78 mm): Horizontal Wire, length 118.22 mm
[endpoint_off_grid]: Symbol pin or wire end off connection grid
    ; warning
    @(153.00 mm, 120.76 mm): Vertical Wire, length 108.76 mm
[endpoint_off_grid]: Symbol pin or wire end off connection grid
    ; warning
    @(123.00 mm, 154.81 mm): Horizontal Wire, length 40.00 mm
[unconnected_wire_endpoint]: Unconnected wire endpoint
    ; warning
    @(123.00 mm, 154.81 mm): Horizontal Wire, length 40.00 mm
[endpoint_off_grid]: Symbol pin or wire end off connection grid
    ; warning
    @(153.00 mm, 125.84 mm): Vertical Wire, length 113.84 mm
[endpoint_off_grid]: Symbol pin or wire end off connection grid
    ; warning
    @(153.00 mm, 126.00 mm): Vertical Wire, length 114.00 mm
[endpoint_off_grid]: Symbol pin or wire end off connection grid
    ; warning
    @(153.00 mm, 127.19 mm): Vertical Wire, length 115.19 mm
[endpoint_off_grid]: Symbol pin or wire end off connection grid
    ; warning
    @(163.00 mm, 114.81 mm): Vertical Wire, length 79.19 mm
[unconnected_wire_endpoint]: Unconnected wire endpoint
    ; warning
    @(163.00 mm, 114.81 mm): Vertical Wire, length 79.19 mm
[endpoint_off_grid]: Symbol pin or wire end off connection grid
    ; warning
    @(163.00 mm, 116.16 mm): Vertical Wire, length 77.84 mm
[endpoint_off_grid]: Symbol pin or wire end off connection grid
    ; warning
    @(153.00 mm, 131.92 mm): Vertical Wire, length 119.92 mm
[endpoint_off_grid]: Symbol pin or wire end off connection grid
    ; warning
    @(153.00 mm, 133.46 mm): Vertical Wire, length 121.46 mm
[endpoint_off_grid]: Symbol pin or wire end off connection grid
    ; warning
    @(163.00 mm, 121.24 mm): Vertical Wire, length 72.76 mm
[endpoint_off_grid]: Symbol pin or wire end off connection grid
    ; warning
    @(163.00 mm, 121.24 mm): Vertical Wire, length 72.76 mm
[endpoint_off_grid]: Symbol pin or wire end off connection grid
    ; warning
    @(105.54 mm, 174.08 mm): Horizontal Wire, length 30.00 mm
[unconnected_wire_endpoint]: Unconnected wire endpoint
    ; warning
    @(105.54 mm, 174.08 mm): Horizontal Wire, length 30.00 mm
[endpoint_off_grid]: Symbol pin or wire end off connection grid
    ; warning
    @(153.00 mm, 135.19 mm): Vertical Wire, length 123.19 mm
[endpoint_off_grid]: Symbol pin or wire end off connection grid
    ; warning
    @(153.00 mm, 136.00 mm): Vertical Wire, length 124.00 mm
[endpoint_off_grid]: Symbol pin or wire end off connection grid
    ; warning
    @(197.84 mm, 63.46 mm): Horizontal Wire, length 185.84 mm
[unconnected_wire_endpoint]: Unconnected wire endpoint
    ; warning
    @(197.84 mm, 63.46 mm): Horizontal Wire, length 185.84 mm
[endpoint_off_grid]: Symbol pin or wire end off connection grid
    ; warning
    @(75.54 mm, 194.00 mm): Horizontal Wire, length 2.54 mm
[endpoint_off_grid]: Symbol pin or wire end off connection grid
    ; warning
    @(153.00 mm, 141.19 mm): Vertical Wire, length 129.19 mm
[endpoint_off_grid]: Symbol pin or wire end off connection grid
    ; warning
    @(172.92 mm, 116.00 mm): Horizontal Wire, length 112.08 mm
[unconnected_wire_endpoint]: Unconnected wire endpoint
    ; warning
    @(172.92 mm, 116.00 mm): Horizontal Wire, length 112.08 mm
[endpoint_off_grid]: Symbol pin or wire end off connection grid
    ; warning
    @(197.84 mm, 68.54 mm): Horizontal Wire, length 185.84 mm
[unconnected_wire_endpoint]: Unconnected wire endpoint
    ; warning
    @(197.84 mm, 68.54 mm): Horizontal Wire, length 185.84 mm
[endpoint_off_grid]: Symbol pin or wire end off connection grid
    ; warning
    @(175.78 mm, 118.38 mm): Horizontal Wire, length 109.22 mm
[unconnected_wire_endpoint]: Unconnected wire endpoint
    ; warning
    @(175.78 mm, 118.38 mm): Horizontal Wire, length 109.22 mm
[endpoint_off_grid]: Symbol pin or wire end off connection grid
    ; warning
    @(177.92 mm, 116.00 mm): Symbol SW1 Pin 1 [1, Passive, Line]
[endpoint_off_grid]: Symbol pin or wire end off connection grid
    ; warning
    @(202.84 mm, 63.46 mm): Symbol U4 Pin 1 [VIN, Power input, Line]
[endpoint_off_grid]: Symbol pin or wire end off connection grid
    ; warning
    @(163.00 mm, 138.81 mm): Vertical Wire, length 55.19 mm
[endpoint_off_grid]: Symbol pin or wire end off connection grid
    ; warning
    @(175.78 mm, 123.46 mm): Horizontal Wire, length 109.22 mm
[unconnected_wire_endpoint]: Unconnected wire endpoint
    ; warning
    @(175.78 mm, 123.46 mm): Horizontal Wire, length 109.22 mm
[endpoint_off_grid]: Symbol pin or wire end off connection grid
    ; warning
    @(175.78 mm, 126.00 mm): Horizontal Wire, length 109.22 mm
[unconnected_wire_endpoint]: Unconnected wire endpoint
    ; warning
    @(175.78 mm, 126.00 mm): Horizontal Wire, length 109.22 mm
[endpoint_off_grid]: Symbol pin or wire end off connection grid
    ; warning
    @(153.00 mm, 153.86 mm): Horizontal Wire, length 10.00 mm
[unconnected_wire_endpoint]: Unconnected wire endpoint
    ; warning
    @(153.00 mm, 153.86 mm): Horizontal Wire, length 10.00 mm
[endpoint_off_grid]: Symbol pin or wire end off connection grid
    ; warning
    @(175.78 mm, 128.54 mm): Horizontal Wire, length 109.22 mm
[unconnected_wire_endpoint]: Unconnected wire endpoint
    ; warning
    @(175.78 mm, 128.54 mm): Horizontal Wire, length 109.22 mm
[endpoint_off_grid]: Symbol pin or wire end off connection grid
    ; warning
    @(183.00 mm, 121.19 mm): Horizontal Wire, length 4.19 mm
[unconnected_wire_endpoint]: Unconnected wire endpoint
    ; warning
    @(183.00 mm, 121.19 mm): Horizontal Wire, length 4.19 mm
[endpoint_off_grid]: Symbol pin or wire end off connection grid
    ; warning
    @(213.00 mm, 53.38 mm): Horizontal Wire, length 60.00 mm
[unconnected_wire_endpoint]: Unconnected wire endpoint
    ; warning
    @(213.00 mm, 53.38 mm): Horizontal Wire, length 60.00 mm
[endpoint_off_grid]: Symbol pin or wire end off connection grid
    ; warning
    @(163.00 mm, 148.54 mm): Vertical Wire, length 45.46 mm
[endpoint_off_grid]: Symbol pin or wire end off connection grid
    ; warning
    @(183.00 mm, 126.19 mm): Symbol R4 Pin 1 [Passive, Line]
[endpoint_off_grid]: Symbol pin or wire end off connection grid
    ; warning
    @(175.78 mm, 136.16 mm): Horizontal Wire, length 109.22 mm
[unconnected_wire_endpoint]: Unconnected wire endpoint
    ; warning
    @(175.78 mm, 136.16 mm): Horizontal Wire, length 109.22 mm
[endpoint_off_grid]: Symbol pin or wire end off connection grid
    ; warning
    @(187.19 mm, 121.19 mm): Vertical Wire, length 109.19 mm
[endpoint_off_grid]: Symbol pin or wire end off connection grid
    ; warning
    @(172.92 mm, 142.00 mm): Horizontal Wire, length 112.08 mm
[unconnected_wire_endpoint]: Unconnected wire endpoint
    ; warning
    @(172.92 mm, 142.00 mm): Horizontal Wire, length 112.08 mm
[endpoint_off_grid]: Symbol pin or wire end off connection grid
    ; warning
    @(182.19 mm, 130.00 mm): Horizontal Wire, length 5.00 mm
[unconnected_wire_endpoint]: Unconnected wire endpoint
    ; warning
    @(182.19 mm, 130.00 mm): Horizontal Wire, length 5.00 mm
[endpoint_off_grid]: Symbol pin or wire end off connection grid
    ; warning
    @(175.78 mm, 138.70 mm): Horizontal Wire, length 109.22 mm
[unconnected_wire_endpoint]: Unconnected wire endpoint
    ; warning
    @(175.78 mm, 138.70 mm): Horizontal Wire, length 109.22 mm
[endpoint_off_grid]: Symbol pin or wire end off connection grid
    ; warning
    @(163.00 mm, 153.86 mm): Vertical Wire, length 40.14 mm
[endpoint_off_grid]: Symbol pin or wire end off connection grid
    ; warning
    @(163.00 mm, 153.92 mm): Vertical Wire, length 40.08 mm
[endpoint_off_grid]: Symbol pin or wire end off connection grid
    ; warning
    @(163.00 mm, 154.81 mm): Vertical Wire, length 39.19 mm
[endpoint_off_grid]: Symbol pin or wire end off connection grid
    ; warning
    @(193.08 mm, 116.00 mm): Horizontal Wire, length 40.08 mm
[unconnected_wire_endpoint]: Unconnected wire endpoint
    ; warning
    @(193.08 mm, 116.00 mm): Horizontal Wire, length 40.08 mm
[endpoint_off_grid]: Symbol pin or wire end off connection grid
    ; warning
    @(175.78 mm, 141.24 mm): Horizontal Wire, length 109.22 mm
[unconnected_wire_endpoint]: Unconnected wire endpoint
    ; warning
    @(175.78 mm, 141.24 mm): Horizontal Wire, length 109.22 mm
[endpoint_off_grid]: Symbol pin or wire end off connection grid
    ; warning
    @(175.78 mm, 143.78 mm): Horizontal Wire, length 109.22 mm
[unconnected_wire_endpoint]: Unconnected wire endpoint
    ; warning
    @(175.78 mm, 143.78 mm): Horizontal Wire, length 109.22 mm
[endpoint_off_grid]: Symbol pin or wire end off connection grid
    ; warning
    @(177.92 mm, 142.00 mm): Symbol Q2 Pin 1 [G, Input, Line]
[endpoint_off_grid]: Symbol pin or wire end off connection grid
    ; warning
    @(185.54 mm, 131.92 mm): Horizontal Wire, length 32.54 mm
[unconnected_wire_endpoint]: Unconnected wire endpoint
    ; warning
    @(185.54 mm, 131.92 mm): Horizontal Wire, length 32.54 mm
[endpoint_off_grid]: Symbol pin or wire end off connection grid
    ; warning
    @(187.19 mm, 130.00 mm): Symbol D1 Pin 1 [K, Passive, Line]
[endpoint_off_grid]: Symbol pin or wire end off connection grid
    ; warning
    @(187.19 mm, 130.00 mm): Vertical Wire, length 118.00 mm
[endpoint_off_grid]: Symbol pin or wire end off connection grid
    ; warning
    @(175.78 mm, 146.32 mm): Horizontal Wire, length 109.22 mm
[unconnected_wire_endpoint]: Unconnected wire endpoint
    ; warning
    @(175.78 mm, 146.32 mm): Horizontal Wire, length 109.22 mm
[endpoint_off_grid]: Symbol pin or wire end off connection grid
    ; warning
    @(223.00 mm, 53.00 mm): Horizontal Wire, length 211.00 mm
[unconnected_wire_endpoint]: Unconnected wire endpoint
    ; warning
    @(223.00 mm, 53.00 mm): Horizontal Wire, length 211.00 mm
[endpoint_off_grid]: Symbol pin or wire end off connection grid
    ; warning
    @(183.00 mm, 138.81 mm): Horizontal Wire, length 20.00 mm
[unconnected_wire_endpoint]: Unconnected wire endpoint
    ; warning
    @(183.00 mm, 138.81 mm): Horizontal Wire, length 20.00 mm
[endpoint_off_grid]: Symbol pin or wire end off connection grid
    ; warning
    @(175.78 mm, 148.86 mm): Horizontal Wire, length 109.22 mm
[unconnected_wire_endpoint]: Unconnected wire endpoint
    ; warning
    @(175.78 mm, 148.86 mm): Horizontal Wire, length 109.22 mm
[endpoint_off_grid]: Symbol pin or wire end off connection grid
    ; warning
    @(163.00 mm, 162.81 mm): Vertical Wire, length 31.19 mm
[endpoint_off_grid]: Symbol pin or wire end off connection grid
    ; warning
    @(223.00 mm, 58.00 mm): Symbol #PWR3 Pin 1 [Power output, Line]
[lib_symbol_issues]: The current configuration does not include the symbol library 'Power'
    ; warning
    @(223.00 mm, 58.00 mm): Symbol #PWR3 [PWR_FLAG]
[endpoint_off_grid]: Symbol pin or wire end off connection grid
    ; warning
    @(225.62 mm, 63.46 mm): Horizontal Wire, length 72.62 mm
[unconnected_wire_endpoint]: Unconnected wire endpoint
    ; warning
    @(225.62 mm, 63.46 mm): Horizontal Wire, length 72.62 mm
[endpoint_off_grid]: Symbol pin or wire end off connection grid
    ; warning
    @(185.46 mm, 143.46 mm): Horizontal Wire, length 173.46 mm
[unconnected_wire_endpoint]: Unconnected wire endpoint
    ; warning
    @(185.46 mm, 143.46 mm): Horizontal Wire, length 173.46 mm
[endpoint_off_grid]: Symbol pin or wire end off connection grid
    ; warning
    @(235.38 mm, 23.22 mm): Horizontal Wire, length 82.38 mm
[unconnected_wire_endpoint]: Unconnected wire endpoint
    ; warning
    @(235.38 mm, 23.22 mm): Horizontal Wire, length 82.38 mm
[endpoint_off_grid]: Symbol pin or wire end off connection grid
    ; warning
    @(225.46 mm, 72.00 mm): Horizontal Wire, length 62.46 mm
[unconnected_wire_endpoint]: Unconnected wire endpoint
    ; warning
    @(225.46 mm, 72.00 mm): Horizontal Wire, length 62.46 mm
[endpoint_off_grid]: Symbol pin or wire end off connection grid
    ; warning
    @(185.46 mm, 148.54 mm): Horizontal Wire, length 22.46 mm
[unconnected_wire_endpoint]: Unconnected wire endpoint
    ; warning
    @(185.46 mm, 148.54 mm): Horizontal Wire, length 22.46 mm
[endpoint_off_grid]: Symbol pin or wire end off connection grid
    ; warning
    @(228.16 mm, 68.54 mm): Horizontal Wire, length 56.84 mm
[unconnected_wire_endpoint]: Unconnected wire endpoint
    ; warning
    @(228.16 mm, 68.54 mm): Horizontal Wire, length 56.84 mm
[endpoint_off_grid]: Symbol pin or wire end off connection grid
    ; warning
    @(199.81 mm, 130.00 mm): Horizontal Wire, length 85.19 mm
[unconnected_wire_endpoint]: Unconnected wire endpoint
    ; warning
    @(199.81 mm, 130.00 mm): Horizontal Wire, length 85.19 mm
[endpoint_off_grid]: Symbol pin or wire end off connection grid
    ; warning
    @(190.46 mm, 143.46 mm): Symbol BZ1 Pin 1 [+, Passive, Line]
[endpoint_off_grid]: Symbol pin or wire end off connection grid
    ; warning
    @(185.54 mm, 152.08 mm): Horizontal Wire, length 173.54 mm
[unconnected_wire_endpoint]: Unconnected wire endpoint
    ; warning
    @(185.54 mm, 152.08 mm): Horizontal Wire, length 173.54 mm
[endpoint_off_grid]: Symbol pin or wire end off connection grid
    ; warning
    @(230.46 mm, 72.00 mm): Symbol D3 Pin 1 [K, Passive, Line]
[endpoint_off_grid]: Symbol pin or wire end off connection grid
    ; warning
    @(235.38 mm, 63.78 mm): Symbol J3 Pin S1 [SHIELD, Passive, Line]
[endpoint_off_grid]: Symbol pin or wire end off connection grid
    ; warning
    @(243.00 mm, 23.22 mm): Horizontal Wire, length 90.00 mm
[endpoint_off_grid]: Symbol pin or wire end off connection grid
    ; warning
    @(243.00 mm, 23.22 mm): Horizontal Wire, length 90.00 mm
[endpoint_off_grid]: Symbol pin or wire end off connection grid
    ; warning
    @(240.54 mm, 72.00 mm): Horizontal Wire, length 44.46 mm
[unconnected_wire_endpoint]: Unconnected wire endpoint
    ; warning
    @(240.54 mm, 72.00 mm): Horizontal Wire, length 44.46 mm
[endpoint_off_grid]: Symbol pin or wire end off connection grid
    ; warning
    @(235.30 mm, 90.76 mm): Horizontal Wire, length 49.70 mm
[unconnected_wire_endpoint]: Unconnected wire endpoint
    ; warning
    @(235.30 mm, 90.76 mm): Horizontal Wire, length 49.70 mm
[endpoint_off_grid]: Symbol pin or wire end off connection grid
    ; warning
    @(235.30 mm, 93.30 mm): Horizontal Wire, length 49.70 mm
[unconnected_wire_endpoint]: Unconnected wire endpoint
    ; warning
    @(235.30 mm, 93.30 mm): Horizontal Wire, length 49.70 mm
[endpoint_off_grid]: Symbol pin or wire end off connection grid
    ; warning
    @(163.00 mm, 194.00 mm): Horizontal Wire, length 2.54 mm
[endpoint_off_grid]: Symbol pin or wire end off connection grid
    ; warning
    @(235.30 mm, 95.84 mm): Horizontal Wire, length 49.70 mm
[unconnected_wire_endpoint]: Unconnected wire endpoint
    ; warning
    @(235.30 mm, 95.84 mm): Horizontal Wire, length 49.70 mm
[endpoint_off_grid]: Symbol pin or wire end off connection grid
    ; warning
    @(235.30 mm, 98.38 mm): Horizontal Wire, length 223.30 mm
[unconnected_wire_endpoint]: Unconnected wire endpoint
    ; warning
    @(235.30 mm, 98.38 mm): Horizontal Wire, length 223.30 mm
[endpoint_off_grid]: Symbol pin or wire end off connection grid
    ; warning
    @(235.30 mm, 100.92 mm): Horizontal Wire, length 49.70 mm
[unconnected_wire_endpoint]: Unconnected wire endpoint
    ; warning
    @(235.30 mm, 100.92 mm): Horizontal Wire, length 49.70 mm
[endpoint_off_grid]: Symbol pin or wire end off connection grid
    ; warning
    @(240.30 mm, 90.76 mm): Symbol J2 Pin 1 [NC, Passive, Line]
[endpoint_off_grid]: Symbol pin or wire end off connection grid
    ; warning
    @(235.30 mm, 103.46 mm): Horizontal Wire, length 49.70 mm
[unconnected_wire_endpoint]: Unconnected wire endpoint
    ; warning
    @(235.30 mm, 103.46 mm): Horizontal Wire, length 49.70 mm
[endpoint_off_grid]: Symbol pin or wire end off connection grid
    ; warning
    @(235.30 mm, 106.00 mm): Horizontal Wire, length 82.30 mm
[unconnected_wire_endpoint]: Unconnected wire endpoint
    ; warning
    @(235.30 mm, 106.00 mm): Horizontal Wire, length 82.30 mm
[endpoint_off_grid]: Symbol pin or wire end off connection grid
    ; warning
    @(263.00 mm, 27.19 mm): Horizontal Wire, length 110.00 mm
[unconnected_wire_endpoint]: Unconnected wire endpoint
    ; warning
    @(263.00 mm, 27.19 mm): Horizontal Wire, length 110.00 mm
[endpoint_off_grid]: Symbol pin or wire end off connection grid
    ; warning
    @(263.00 mm, 32.19 mm): Symbol R5 Pin 1 [Passive, Line]
[endpoint_off_grid]: Symbol pin or wire end off connection grid
    ; warning
    @(263.24 mm, 38.38 mm): Horizontal Wire, length 21.76 mm
[unconnected_wire_endpoint]: Unconnected wire endpoint
    ; warning
    @(263.24 mm, 38.38 mm): Horizontal Wire, length 21.76 mm
[endpoint_off_grid]: Symbol pin or wire end off connection grid
    ; warning
    @(263.24 mm, 40.92 mm): Horizontal Wire, length 21.76 mm
[unconnected_wire_endpoint]: Unconnected wire endpoint
    ; warning
    @(263.24 mm, 40.92 mm): Horizontal Wire, length 21.76 mm
[endpoint_off_grid]: Symbol pin or wire end off connection grid
    ; warning
    @(263.00 mm, 44.81 mm): Horizontal Wire, length 22.00 mm
[unconnected_wire_endpoint]: Unconnected wire endpoint
    ; warning
    @(263.00 mm, 44.81 mm): Horizontal Wire, length 22.00 mm
[endpoint_off_grid]: Symbol pin or wire end off connection grid
    ; warning
    @(267.00 mm, 27.19 mm): Horizontal Wire, length 114.00 mm
[unconnected_wire_endpoint]: Unconnected wire endpoint
    ; warning
    @(267.00 mm, 27.19 mm): Horizontal Wire, length 114.00 mm
[endpoint_off_grid]: Symbol pin or wire end off connection grid
    ; warning
    @(263.24 mm, 53.62 mm): Horizontal Wire, length 251.24 mm
[endpoint_off_grid]: Symbol pin or wire end off connection grid
    ; warning
    @(263.24 mm, 53.62 mm): Horizontal Wire, length 251.24 mm
[endpoint_off_grid]: Symbol pin or wire end off connection grid
    ; warning
    @(267.00 mm, 32.19 mm): Symbol R6 Pin 1 [Passive, Line]
[endpoint_off_grid]: Symbol pin or wire end off connection grid
    ; warning
    @(267.00 mm, 44.81 mm): Horizontal Wire, length 18.00 mm
[unconnected_wire_endpoint]: Unconnected wire endpoint
    ; warning
    @(267.00 mm, 44.81 mm): Horizontal Wire, length 18.00 mm
[endpoint_off_grid]: Symbol pin or wire end off connection grid
    ; warning
    @(270.70 mm, 90.76 mm): Horizontal Wire, length 117.70 mm
[unconnected_wire_endpoint]: Unconnected wire endpoint
    ; warning
    @(270.70 mm, 90.76 mm): Horizontal Wire, length 117.70 mm
[endpoint_off_grid]: Symbol pin or wire end off connection grid
    ; warning
    @(285.00 mm, 38.38 mm): Vertical Wire, length 1.43 mm
[endpoint_off_grid]: Symbol pin or wire end off connection grid
    ; warning
    @(285.00 mm, 39.81 mm): Horizontal Wire, length 2.54 mm
[endpoint_off_grid]: Symbol pin or wire end off connection grid
    ; warning
    @(285.00 mm, 40.92 mm): Horizontal Wire, length 2.54 mm
[endpoint_off_grid]: Symbol pin or wire end off connection grid
    ; warning
    @(285.00 mm, 44.81 mm): Vertical Wire, length 3.89 mm
[endpoint_off_grid]: Symbol pin or wire end off connection grid
    ; warning
    @(285.00 mm, 44.81 mm): Vertical Wire, length 3.89 mm
[endpoint_off_grid]: Symbol pin or wire end off connection grid
    ; warning
    @(285.00 mm, 68.54 mm): Vertical Wire, length 3.46 mm
[endpoint_off_grid]: Symbol pin or wire end off connection grid
    ; warning
    @(285.00 mm, 72.00 mm): Horizontal Wire, length 2.54 mm
[endpoint_off_grid]: Symbol pin or wire end off connection grid
    ; warning
    @(270.70 mm, 116.16 mm): Horizontal Wire, length 107.70 mm
[unconnected_wire_endpoint]: Unconnected wire endpoint
    ; warning
    @(270.70 mm, 116.16 mm): Horizontal Wire, length 107.70 mm
[endpoint_off_grid]: Symbol pin or wire end off connection grid
    ; warning
    @(270.70 mm, 121.24 mm): Horizontal Wire, length 107.70 mm
[endpoint_off_grid]: Symbol pin or wire end off connection grid
    ; warning
    @(270.70 mm, 121.24 mm): Horizontal Wire, length 107.70 mm
[endpoint_off_grid]: Symbol pin or wire end off connection grid
    ; warning
    @(285.00 mm, 90.76 mm): Vertical Wire, length 7.78 mm
[endpoint_off_grid]: Symbol pin or wire end off connection grid
    ; warning
    @(285.00 mm, 93.30 mm): Vertical Wire, length 5.24 mm
[endpoint_off_grid]: Symbol pin or wire end off connection grid
    ; warning
    @(285.00 mm, 93.46 mm): Vertical Wire, length 5.08 mm
[endpoint_off_grid]: Symbol pin or wire end off connection grid
    ; warning
    @(285.00 mm, 95.84 mm): Vertical Wire, length 2.70 mm
[endpoint_off_grid]: Symbol pin or wire end off connection grid
    ; warning
    @(285.00 mm, 98.54 mm): Horizontal Wire, length 2.54 mm
[endpoint_off_grid]: Symbol pin or wire end off connection grid
    ; warning
    @(285.00 mm, 100.92 mm): Vertical Wire, length 17.46 mm
[endpoint_off_grid]: Symbol pin or wire end off connection grid
    ; warning
    @(285.00 mm, 102.00 mm): Vertical Wire, length 3.46 mm
[endpoint_off_grid]: Symbol pin or wire end off connection grid
    ; warning
    @(285.00 mm, 103.46 mm): Vertical Wire, length 14.92 mm
[endpoint_off_grid]: Symbol pin or wire end off connection grid
    ; warning
    @(285.00 mm, 116.00 mm): Vertical Wire, length 2.38 mm
[endpoint_off_grid]: Symbol pin or wire end off connection grid
    ; warning
    @(285.00 mm, 118.38 mm): Horizontal Wire, length 2.54 mm
[endpoint_off_grid]: Symbol pin or wire end off connection grid
    ; warning
    @(285.00 mm, 123.46 mm): Horizontal Wire, length 2.54 mm
[endpoint_off_grid]: Symbol pin or wire end off connection grid
    ; warning
    @(285.00 mm, 126.00 mm): Horizontal Wire, length 2.54 mm
[endpoint_off_grid]: Symbol pin or wire end off connection grid
    ; warning
    @(285.00 mm, 128.54 mm): Vertical Wire, length 7.62 mm
[endpoint_off_grid]: Symbol pin or wire end off connection grid
    ; warning
    @(285.00 mm, 130.00 mm): Vertical Wire, length 6.16 mm
[endpoint_off_grid]: Symbol pin or wire end off connection grid
    ; warning
    @(285.00 mm, 136.16 mm): Horizontal Wire, length 2.54 mm
[endpoint_off_grid]: Symbol pin or wire end off connection grid
    ; warning
    @(285.00 mm, 137.19 mm): Vertical Wire, length 1.51 mm
[endpoint_off_grid]: Symbol pin or wire end off connection grid
    ; warning
    @(285.00 mm, 138.70 mm): Horizontal Wire, length 2.54 mm
[endpoint_off_grid]: Symbol pin or wire end off connection grid
    ; warning
    @(285.00 mm, 141.24 mm): Horizontal Wire, length 2.54 mm
[endpoint_off_grid]: Symbol pin or wire end off connection grid
    ; warning
    @(285.00 mm, 142.00 mm): Horizontal Wire, length 2.54 mm
[endpoint_off_grid]: Symbol pin or wire end off connection grid
    ; warning
    @(285.00 mm, 142.19 mm): Horizontal Wire, length 2.54 mm
[endpoint_off_grid]: Symbol pin or wire end off connection grid
    ; warning
    @(285.00 mm, 143.78 mm): Vertical Wire, length 5.08 mm
[endpoint_off_grid]: Symbol pin or wire end off connection grid
    ; warning
    @(285.00 mm, 144.81 mm): Vertical Wire, length 2.62 mm
[endpoint_off_grid]: Symbol pin or wire end off connection grid
    ; warning
    @(285.00 mm, 145.19 mm): Vertical Wire, length 3.67 mm
[endpoint_off_grid]: Symbol pin or wire end off connection grid
    ; warning
    @(285.00 mm, 146.32 mm): Vertical Wire, length 4.13 mm
[endpoint_off_grid]: Symbol pin or wire end off connection grid
    ; warning
    @(285.00 mm, 148.86 mm): Horizontal Wire, length 2.54 mm
[endpoint_off_grid]: Symbol pin or wire end off connection grid
    ; warning
    @(285.00 mm, 150.19 mm): Horizontal Wire, length 2.54 mm
[endpoint_off_grid]: Symbol pin or wire end off connection grid
    ; warning
    @(285.00 mm, 164.00 mm): Vertical Wire, length 13.81 mm

 ** ERC messages: 512  Errors 157  Warnings 355
